// Jest Snapshot v1, https://goo.gl/fbAQLP

exports[`Edge case should fail if there is already a recorded interaction with a different content 1`] = `
{
  "consumer": {
    "name": "movie-consumer",
  },
  "interactions": [
    {
      "description": "a request to list all movies",
      "request": {
        "headers": {},
        "method": "GET",
        "path": "/api/movies",
      },
      "response": {
        "body": [
          {
            "id": 1,
            "name": "Movie 1",
            "year": 2008,
          },
          {
            "id": 2,
            "name": "Movie 2",
            "year": 2008,
          },
        ],
        "status": 200,
      },
    },
    {
      "description": "should delete a movie",
      "request": {
        "headers": {},
        "method": "DELETE",
        "path": "/api/movie/1",
      },
      "response": {
        "body": "deleted",
        "status": 200,
      },
    },
  ],
  "metadata": {
    "client": {
      "name": "pact-msw-handlers",
      "version": "0.0.4",
    },
    "pactSpecification": {
      "version": "2.0.0",
    },
  },
  "provider": {
    "name": "movie-provider",
  },
}
`;
